    After | Code                                                        |    Before ||    Change | % Change
-----------------------------------------------------------------------------------------------------------
 0m00.57s | Total                                                       |  0m00.57s || +0m00.00s |   +0.87%
-----------------------------------------------------------------------------------------------------------
 0m00.26s | Chars 260-284 ~ 280-304 [(vm_compute;~reflexivity).]        | 0m00.257s || +0m00.00s |   +1.16%
0m00.184s | Chars 285-289 ~ 305-309 [Qed.]                              | 0m00.185s || -0m00.00s |   -0.54%
0m00.098s | Chars 031-064 ~ 031-064 [Require~Import~Coq.ZArith.ZArith.] | 0m00.095s || +0m00.00s |   +3.15%
0m00.036s | Chars 000-030 ~ 000-030 [Require~Import~Coq.Lists.List.]    | 0m00.036s || +0m00.00s |   +0.00%
   0m00.s | Chars 065-075 ~ 065-075 [Goal~True.]                        |    0m00.s || +0m00.00s |   N/A   
   0m00.s | Chars 078-086 ~ 078-086 [exact~I.]                          |    N/A    || +0m00.00s |   N/A   
   N/A    | Chars 078-090 ~ 078-090 [constructor.]                      |    0m00.s || +0m00.00s |   N/A   
   0m00.s | Chars 087-091 ~ 091-095 [Qed.]                              |    0m00.s || +0m00.00s |   N/A   
   0m00.s | Chars 092-102 ~ 096-106 [Goal~True.]                        |    0m00.s || +0m00.00s |   N/A   
   0m00.s | Chars 105-113 ~ 109-117 [exact~I.]                          |    N/A    || +0m00.00s |   N/A   
   N/A    | Chars 105-117 ~ 109-121 [constructor.]                      |    0m00.s || +0m00.00s |   N/A   
   0m00.s | Chars 114-118 ~ 122-126 [Qed.]                              |    0m00.s || +0m00.00s |   N/A   
   0m00.s | Chars 119-129 ~ 127-137 [Goal~True.]                        |    0m00.s || +0m00.00s |   N/A   
   0m00.s | Chars 132-140 ~ 140-148 [exact~I.]                          |    N/A    || +0m00.00s |   N/A   
   N/A    | Chars 132-144 ~ 140-152 [constructor.]                      |    0m00.s || +0m00.00s |   N/A   
   0m00.s | Chars 141-145 ~ 153-157 [Qed.]                              |    0m00.s || +0m00.00s |   N/A   
   0m00.s | Chars 146-156 ~ 158-168 [Goal~True.]                        |    0m00.s || +0m00.00s |   N/A   
   0m00.s | Chars 159-167 ~ 171-179 [exact~I.]                          |    N/A    || +0m00.00s |   N/A   
   N/A    | Chars 159-171 ~ 171-183 [constructor.]                      |    0m00.s || +0m00.00s |   N/A   
   0m00.s | Chars 168-172 ~ 184-188 [Qed.]                              |    0m00.s || +0m00.00s |   N/A   
   0m00.s | Chars 173-183 ~ 189-199 [Goal~True.]                        |    0m00.s || +0m00.00s |   N/A   
   0m00.s | Chars 186-194 ~ 202-210 [exact~I.]                          |    N/A    || +0m00.00s |   N/A   
   N/A    | Chars 186-198 ~ 202-214 [constructor.]                      |    0m00.s || +0m00.00s |   N/A   
   0m00.s | Chars 195-199 ~ 215-219 [Qed.]                              |    0m00.s || +0m00.00s |   N/A   
   0m00.s | Chars 200-257 ~ 220-277 [Goal~List.repeat~Z.div_eucl~5~...] |    0m00.s || +0m00.00s |   N/A   
